
=== parallel launch 2026-08-02T13:10:12Z ===
Connecting to: sqlite:///C:/Users/oalan/alter_ego/alter_ego_calibrate_series_i_ws_feat_volume.db
2026-08-02 09:10:14,913 [INFO] === Series I step=ws_feat_volume started 2026-08-02T13:10:14Z ===
2026-08-02 09:10:14,913 [INFO] Overrides: [('features.total_volume_delta.enabled', True)]
2026-08-02 09:10:14,913 [INFO] DB: C:\Users\oalan\alter_ego\alter_ego_calibrate_series_i_ws_feat_volume.db
2026-08-02 09:10:14,913 [INFO] Isolated config: C:\Users\oalan\alter_ego\config\scoring_config.series_i_ws_feat_volume.yaml (base=C:\Users\oalan\alter_ego\config\scoring_config.yaml.series_i_ws_cadence_2_backup)
2026-08-02 09:10:14,914 [INFO] Reusing existing events/labels at C:\Users\oalan\alter_ego\scratch\series_i_events.jsonl
2026-08-02 09:10:15,202 [INFO] Clearing database tables...
Traceback (most recent call last):
  File "C:\Users\oalan\alter_ego\scratch\run_series_i_sweep.py", line 668, in <module>
    raise SystemExit(main())
                     ~~~~^^
  File "C:\Users\oalan\alter_ego\scratch\run_series_i_sweep.py", line 664, in main
    return run_sweep(args.step, args.sets)
  File "C:\Users\oalan\alter_ego\scratch\run_series_i_sweep.py", line 559, in run_sweep
    db, _, _ = run_pipeline(EVENTS_PATH, LABELS_PATH, window_delta_days=1)
               ~~~~~~~~~~~~^^^^^^^^^^^^^^^^^^^^^^^^^^^^^^^^^^^^^^^^^^^^^^^
  File "C:\Users\oalan\alter_ego\batch\eval\runner.py", line 164, in run_pipeline
    raise e
  File "C:\Users\oalan\alter_ego\batch\eval\runner.py", line 149, in run_pipeline
    temp_events.unlink()
    ~~~~~~~~~~~~~~~~~~^^
  File "C:\Users\oalan\scoop\apps\miniconda3\current\Lib\pathlib\_local.py", line 746, in unlink
    os.unlink(self)
    ~~~~~~~~~^^^^^^
PermissionError: [WinError 32] The process cannot access the file because it is being used by another process: 'temp_window_20260101.jsonl'

=== parallel launch 2026-08-02T13:11:10Z ===
Connecting to: sqlite:///C:/Users/oalan/alter_ego/alter_ego_calibrate_series_i_ws_feat_volume.db
2026-08-02 09:11:11,740 [INFO] === Series I step=ws_feat_volume started 2026-08-02T13:11:11Z ===
2026-08-02 09:11:11,740 [INFO] Overrides: [('features.total_volume_delta.enabled', True)]
2026-08-02 09:11:11,740 [INFO] DB: C:\Users\oalan\alter_ego\alter_ego_calibrate_series_i_ws_feat_volume.db
2026-08-02 09:11:11,740 [INFO] Isolated config: C:\Users\oalan\alter_ego\config\scoring_config.series_i_ws_feat_volume.yaml (base=C:\Users\oalan\alter_ego\config\scoring_config.yaml.series_i_ws_cadence_2_backup)
2026-08-02 09:11:11,742 [INFO] Reusing existing events/labels at C:\Users\oalan\alter_ego\scratch\series_i_events.jsonl
2026-08-02 09:11:12,020 [INFO] Clearing database tables...
2026-08-02 09:11:43,325 [INFO] Processed window ending 2026-01-02
2026-08-02 09:31:39,638 [INFO] Processed window ending 2026-01-03
es_i_events.jsonl
2026-08-02 09:11:12,020 [INFO] Clearing database tables...
2026-08-02 09:11:43,325 [INFO] Processed window ending 2026-01-02
2026-08-02 09:31:39,638 [INFO] Processed window ending 2026-01-03

=== parallel launch 2026-08-02T13:34:20Z ===
Connecting to: sqlite:///C:/Users/oalan/alter_ego/alter_ego_calibrate_series_i_ws_feat_volume.db
2026-08-02 09:34:21,579 [INFO] === Series I step=ws_feat_volume started 2026-08-02T13:34:21Z ===
2026-08-02 09:34:21,579 [INFO] Overrides: [('features.total_volume_delta.enabled', True)]
2026-08-02 09:34:21,579 [INFO] DB: C:\Users\oalan\alter_ego\alter_ego_calibrate_series_i_ws_feat_volume.db
2026-08-02 09:34:21,580 [INFO] Isolated config: C:\Users\oalan\alter_ego\config\scoring_config.series_i_ws_feat_volume.yaml (base=C:\Users\oalan\alter_ego\config\scoring_config.yaml.series_i_ws_cadence_2_backup)
2026-08-02 09:34:21,592 [INFO] Reusing existing events/labels at C:\Users\oalan\alter_ego\scratch\series_i_events.jsonl
2026-08-02 09:34:21,899 [INFO] Clearing database tables...
2026-08-02 09:35:01,472 [INFO] Processed window ending 2026-01-02
2026-08-02 09:53:01,107 [INFO] Processed window ending 2026-01-03
2026-08-02 10:14:58,619 [INFO] Processed window ending 2026-01-04
2026-08-02 10:43:21,085 [INFO] Processed window ending 2026-01-05
2026-08-02 11:15:06,746 [INFO] Processed window ending 2026-01-06
2026-08-02 11:54:54,167 [INFO] Processed window ending 2026-01-07
2026-08-02 12:44:40,833 [INFO] Processed window ending 2026-01-08
2026-08-02 13:38:41,451 [INFO] Processed window ending 2026-01-09
2026-08-02 14:43:30,078 [INFO] Processed window ending 2026-01-10
2026-08-02 15:59:33,789 [INFO] Processed window ending 2026-01-11
2026-08-02 16:54:46,696 [INFO] Processed window ending 2026-01-12
2026-08-02 17:45:02,512 [INFO] Processed window ending 2026-01-13
2026-08-02 18:35:21,074 [INFO] Processed window ending 2026-01-14
2026-08-02 19:23:24,840 [INFO] Processed window ending 2026-01-15
2026-08-02 20:14:46,813 [INFO] Processed window ending 2026-01-16
2026-08-02 21:10:01,234 [INFO] Processed window ending 2026-01-17
2026-08-02 22:41:24,030 [INFO] Processed window ending 2026-01-18
2026-08-02 23:46:58,329 [INFO] Processed window ending 2026-01-19
2026-08-03 01:00:12,226 [INFO] Processed window ending 2026-01-20
2026-08-03 02:11:10,145 [INFO] Processed window ending 2026-01-21
2026-08-03 03:26:06,714 [INFO] Processed window ending 2026-01-22
2026-08-03 03:26:26,137 [INFO] DONE step=ws_feat_volume elapsed=64324.5s F1=0.01322556943423953 R=0.46153846153846156 FP=7995 S1=1.0 S4=1.0
{
  "series": "I",
  "step": "ws_feat_volume",
  "anomaly_threshold": 45.0,
  "config_version": "2.2",
  "database": "C:\\Users\\oalan\\alter_ego\\alter_ego_calibrate_series_i_ws_feat_volume.db",
  "events_path": "C:\\Users\\oalan\\alter_ego\\scratch\\series_i_events.jsonl",
  "labels_path": "C:\\Users\\oalan\\alter_ego\\scratch\\series_i_ground_truth.jsonl",
  "generator_seed": 42,
  "calibrated": false,
  "enabled_flags_and_weights": {
    "features.total_volume_delta.enabled": true
  },
  "started_at": "2026-08-02T13:34:21Z",
  "elapsed_seconds": 64324.5,
  "note": "NOT CALIBRATED. Series I serial calibration campaign harness output. Do not claim CALIBRATED. Compare against Series E\u2013H baseline and prior Series I accepted branch baseline only.",
  "partition_check": {
    "attack_partitions": {
      "eval_scenario_1": 1,
      "eval_scenario_2": 35,
      "eval_scenario_3": 45,
      "eval_scenario_4": 1,
      "eval_scenario_5": 75
    },
    "attack_event_count": 157,
    "malicious_scenarios_in_labels": [
      "scenario_1_sharp_misuse",
      "scenario_2_slow_roll",
      "scenario_3_subtle",
      "scenario_4_service_abuse",
      "scenario_5_patient_cycle"
    ],
    "all_partitions_eval_scenario": true
  },
  "headline": {
    "precision": 0.006708907938874394,
    "recall": 0.46153846153846156,
    "f1": 0.01322556943423953,
    "tp": 54,
    "fp": 7995,
    "fn": 63,
    "s1": 1.0,
    "s2": 0.7428571428571429,
    "s3": 0.1111111111111111,
    "s4": 1.0,
    "s5": 0.6
  },
  "metrics": {
    "precision": 0.006708907938874394,
    "recall": 0.46153846153846156,
    "f1": 0.01322556943423953,
    "tp": 54,
    "fp": 7995,
    "fn": 63,
    "tn": 300070,
    "drift_alerts": 31,
    "scenarios": {
      "scenario_1_sharp_misuse": {
        "recall": 1.0,
        "tp": 1,
        "fn": 0,
        "drift_necessary_tp_fraction": 0.0,
        "pre_absorption_tp_fraction": null,
        "early_below_threshold_fraction": 0.0,
        "attack_raised_cumulative_drift_max": 2.6790463770702844,
        "caught_before_absorption_proxy": false
      },
      "scenario_2_slow_roll": {
        "recall": 0.7428571428571429,
        "tp": 26,
        "fn": 9,
        "drift_necessary_tp_fraction": 1.0,
        "pre_absorption_tp_fraction": null,
        "early_below_threshold_fraction": 0.2571428571428571,
        "attack_raised_cumulative_drift_max": 10.12037313531029,
        "caught_before_absorption_proxy": true
      },
      "scenario_5_patient_cycle": {
        "recall": 0.6,
        "tp": 21,
        "fn": 14,
        "drift_necessary_tp_fraction": 1.0,
        "pre_absorption_tp_fraction": null,
        "early_below_threshold_fraction": 0.4,
        "attack_raised_cumulative_drift_max": 33.24890161355564,
        "caught_before_absorption_proxy": true
      },
      "scenario_3_subtle": {
        "recall": 0.1111111111111111,
        "tp": 5,
        "fn": 40,
        "drift_necessary_tp_fraction": 1.0,
        "pre_absorption_tp_fraction": null,
        "early_below_threshold_fraction": 0.8888888888888888,
        "attack_raised_cumulative_drift_max": 25.615316419015475,
        "caught_before_absorption_proxy": true
      },
      "scenario_4_service_abuse": {
        "recall": 1.0,
        "tp": 1,
        "fn": 0,
        "drift_necessary_tp_fraction": 0.0,
        "pre_absorption_tp_fraction": null,
        "early_below_threshold_fraction": 0.0,
        "attack_raised_cumulative_drift_max": 6.178718489512885,
        "caught_before_absorption_proxy": false
      }
    },
    "active_alert_workflow_rows": 6270,
    "auto_resolved_count": 1810,
    "blocked_entity_count": 53,
    "blocked_entity_days_estimate": 715,
    "promotion_coverage_ever": {
      "entities_with_active_promoted_profile": 65,
      "entities_scored": 65,
      "fraction": 1.0
    },
    "promotion_coverage_in_window": {
      "entities_scored": 65,
      "scored_entity_days": 1072,
      "in_window_entity_days": 521,
      "stale_entity_days": 551,
      "serving_profile_missing_days": 0,
      "n_days": 5,
      "fraction": 0.45361990950226244
    },
    "per_dimension_drift_decomposition": {
      "login_hour": {
        "mean": 0.09610718524838041,
        "max": 1.090763836813577,
        "n": 1300
      },
      "geolocation": {
        "mean": 0.1561574945167996,
        "max": 2.3285746614607747,
        "n": 1300
      },
      "endpoint_set": {
        "mean": 0.0,
        "max": 0.0,
        "n": 1300
      },
      "process_name": {
        "mean": 0.08743519259617603,
        "max": 0.6824446645803686,
        "n": 1300
      },
      "embedding": {
        "mean": 0.019287129712104414,
        "max": 0.16366015254325006,
        "n": 1300
      }
    }
  }
}
